/*
Deployment script for {DatabaseName}

This code was generated by a tool.
Changes to this file may cause incorrect behavior and will be lost if
the code is regenerated.
*/

GO
SET ANSI_NULLS, ANSI_PADDING, ANSI_WARNINGS, ARITHABORT, CONCAT_NULL_YIELDS_NULL, QUOTED_IDENTIFIER ON;

SET NUMERIC_ROUNDABORT OFF;


GO
:setvar DatabaseName "{DatabaseName}"
:setvar DefaultFilePrefix "{DatabaseName}"

GO
:on error exit
GO
/*
Detect SQLCMD mode and disable script execution if SQLCMD mode is not supported.
To re-enable the script after enabling SQLCMD mode, execute the following:
SET NOEXEC OFF; 
*/
:setvar __IsSqlCmdEnabled "True"
GO
IF N'$(__IsSqlCmdEnabled)' NOT LIKE N'True'
    BEGIN
        PRINT N'SQLCMD mode must be enabled to successfully execute this script.';
        SET NOEXEC ON;
    END


GO
USE [$(DatabaseName)];


GO
PRINT N'Creating [SchemaC]...';


GO
CREATE SCHEMA [SchemaC]
    AUTHORIZATION [TestUser];


GO
PRINT N'Altering [SchemaA].[Person]...';


GO
ALTER TABLE [SchemaA].[Person]
    ADD [Birthday] DATETIMEOFFSET (7) NULL;


GO
PRINT N'Creating [SchemaC].[ZipCode]...';


GO
CREATE TABLE [SchemaC].[ZipCode] (
    [Id]      INT           NOT NULL,
    [ZipCode] NVARCHAR (10) NOT NULL,
    [ZipName] NVARCHAR (50) NOT NULL,
    PRIMARY KEY CLUSTERED ([Id] ASC)
);


GO
PRINT N'Creating [SchemaC].[ZipCode].[IX_ZipCode_Name]...';


GO
CREATE NONCLUSTERED INDEX [IX_ZipCode_Name]
    ON [SchemaC].[ZipCode]([ZipCode] ASC);


GO
PRINT N'Update complete.';


GO

